panic: runtime error: index out of range [132] with length 1