panic: interface conversion: interface is nil, not io.Reader