panic: interface conversion: interface is nil, not main.Iface