panic: interface conversion: interface is nil, not interface {}