panic: interface conversion: int is not fmt.Formatter