notifications: false
len(notifications): 0

    not elements to read

notifications: true
len(notifications): 1

message

notifications: false
len(notifications): 0