Extended

<head>Page head</head>

  <h1>Page title</h1>
  <h2></h2>
10 10
    Macro banner
  <h2></h2>
  <h2></h2>
  <div class="top-sellers">
10 10
  </div>
  <h2></h2>