10 20 30 

expected


    40
    50
    60

    i'm the else block