<!DOCTYPE html>
<head>
  <meta http-equiv="Content-Type" content="text/html; charset=UTF-8">
  <meta name="viewport" content="initial-scale=1.0, width=device-width, user-scalable=no">
   
</head>
<body>

<div class="body-content">


<header>

  <div class="centered">
    <div class="search">
      <div id="search-panel" class="panel">
        <div>
          <input type="text" name="keywords" class="design-search-keywords" placeholder="{Search...}" size="15">
          <div class="search-button icon-search main-button">
          </div>
          </form>
        </div>
      </div>
    </div>

    <div class="logo">
    </div>

    <div class="cart">
      </a>

      <div class="content">


      </div>
    </div>
  </div>

</header>


<nav class="nav" role="navigation">

  <div class="general">

      <div class="account">
        <div id="account-panel" class="panel">
        </div>
      </div>
  </div>

  <div class="bar">
    <a class="opener" data-design-open="bar-panel">
      <span></span>
      <span></span>
      <span></span>
      <span></span>
    </a>

    <div id="bar-panel" class="panel">

      <ul class="main-items">
        <li class="megamenu has-panel">
          <div class="panel" data-design-set-height="(max-width:1023px)">
            <div class="content">

              <div class="menu">
              </div>

              <div class="menu">
              </div>

              <div class="menu">
              </div>

            </div>
          </div>
        </li>
      </ul>

    </div>
  </div>

</nav>

<div class="main" role="main">
    

  <div class="login-button main-button">
  </div>

  </form>


</div>

</div>


<footer>
  <div class="footer-content">

    <div class="upper">
  
      <div class="footnote">
      </div>

      <div class="social-networks">
      </div>

      <div class="menus">
      </div>

    </div>
    <div class="powered-by"></div>

  </div>
</footer>

<div id="design-overlay" class="overlay"></div>
<div id="filters-overlay" class="overlay"></div>

</body>
</html>