M1
M2
called M3 with argument 'a string!'
<b>M4</b>
<b>M4</b>