10 20

The absolute value of -123.1 is 123.1

this,is,a,Scriggo,template,
