
a
b
c
d
e
{% if f %}{{ g }}{% end if %}
h
{% for i := 0; i < 5; i++ %}{{ i }}{% end if %}
l
{% raw %}{{ m }}{% end row %}
n
o {% raw code %}
p
