count is 100
count is > 50


is an int
res is 474
123