

<a href="">
<a href="abc">
<a href="æœ¬">
<a href="b">
<a href="/">
<a href="http://www.site.com/">
<a href=" http://www.site.com/ ">
<a href="http://s/a%c3%a0%e6%9c%ac/">
<a href="a%e6%9c%ac">
<a href="a?b=%20">
<a href="a?b=%3d">
<a href="=?b=%3d">
<a href="p?b=%3d">
// <a href="p?&amp;b=%3d">
<a href="p?q&amp;b=%3d">
<a href="?b=%3d">
<a href="/a/b/c?b=%3d&c=6">
<a href="/a/b/c?b=%3d&amp;c=6">
<a href="?">
<a href="?b">
<a href="?%3d">
<a href="#">
<a href="#%3d">
<a href="=#%3d">
<a href="=?%3d#%3d">
<a href="=?b=6#%3d">
<a href=",?%2c">
<img srcset="large.jpg 1024w, medium.jpg 640w,small.jpg 320w">
<img srcset="large.jpg?s=1024 1024w, medium.jpg 640w">
<img srcset="large.jpg?s=1024 1024w, medium=.jpg 640w">
<a href="=">
<a href="?%3d">
<input disabled>
<a href=b>
<a href=&#32;b&#32;>
<a href= &#32;b&#32; >
<a href= %09%0a%0d%0c&#32;b=%60 >
<a href="">