panic: runtime error: out of memory: cannot allocate 158 bytes