panic: runtime error: out of time: context deadline exceeded